// Jest Snapshot v1, https://goo.gl/fbAQLP

exports[`test should run test 1`] = `
<div>
  <div
    class="main-window"
  >
    <header>
      <a
        class="header-title"
        href="/shopping-cart/"
      >
        <div
          class="logo"
        >
          Shopping Cart by TYLPHE
        </div>
      </a>
      <div
        class="searchbar"
      >
        <input
          placeholder="Search"
          type="text"
        />
        <span
          class="material-symbols-outlined"
        >
          search
        </span>
      </div>
      <span
        class="material-symbols-outlined"
      >
        shopping_cart
      </span>
      <div
        class="shopping-cart slide-out"
      />
    </header>
    <div
      class="shop-body"
      style="background-image: url(shopBg.jpg);"
    >
      <div
        class="sidebar"
      >
        <button>
          Reset filters
        </button>
        <fieldset>
          <legend
            class="bold"
          >
            Tribes
          </legend>
          <div>
            <input
              checked=""
              id="All"
              name="tribe"
              type="radio"
              value="All"
            />
            <label
              class="label-filter"
              for="All"
            >
              All
            </label>
          </div>
          <div>
            <input
              id="Avian"
              name="tribe"
              type="radio"
              value="All"
            />
            <label
              class="label-filter"
              for="Avian"
            >
              Avian
            </label>
          </div>
          <div>
            <input
              id="Canine"
              name="tribe"
              type="radio"
              value="All"
            />
            <label
              class="label-filter"
              for="Canine"
            >
              Canine
            </label>
          </div>
          <div>
            <input
              id="Hooved"
              name="tribe"
              type="radio"
              value="All"
            />
            <label
              class="label-filter"
              for="Hooved"
            >
              Hooved
            </label>
          </div>
          <div>
            <input
              id="Insect"
              name="tribe"
              type="radio"
              value="All"
            />
            <label
              class="label-filter"
              for="Insect"
            >
              Insect
            </label>
          </div>
          <div>
            <input
              id="Reptile"
              name="tribe"
              type="radio"
              value="All"
            />
            <label
              class="label-filter"
              for="Reptile"
            >
              Reptile
            </label>
          </div>
          <div>
            <input
              id="Misc"
              name="tribe"
              type="radio"
              value="All"
            />
            <label
              class="label-filter"
              for="Misc"
            >
              Misc
            </label>
          </div>
        </fieldset>
        <fieldset>
          <legend
            class="bold"
          >
            Teeth
          </legend>
          <div>
            <input
              checked=""
              id="teeth0"
              name="teeth"
              type="radio"
              value="All"
            />
            <label
              class="label-filter"
              for="teeth0"
            >
              All
            </label>
          </div>
          <div>
            <input
              id="teeth1"
              name="teeth"
              type="radio"
              value="All"
            />
            <label
              class="label-filter"
              for="teeth1"
            >
              1
            </label>
          </div>
          <div>
            <input
              id="teeth2"
              name="teeth"
              type="radio"
              value="All"
            />
            <label
              class="label-filter"
              for="teeth2"
            >
              2
            </label>
          </div>
          <div>
            <input
              id="teeth3"
              name="teeth"
              type="radio"
              value="All"
            />
            <label
              class="label-filter"
              for="teeth3"
            >
              3
            </label>
          </div>
          <div>
            <input
              id="teeth4"
              name="teeth"
              type="radio"
              value="All"
            />
            <label
              class="label-filter"
              for="teeth4"
            >
              4
            </label>
          </div>
          <div>
            <input
              id="teeth5"
              name="teeth"
              type="radio"
              value="All"
            />
            <label
              class="label-filter"
              for="teeth5"
            >
              5
            </label>
          </div>
          <div>
            <input
              id="teeth6"
              name="teeth"
              type="radio"
              value="All"
            />
            <label
              class="label-filter"
              for="teeth6"
            >
              6
            </label>
          </div>
          <div>
            <input
              id="teeth7"
              name="teeth"
              type="radio"
              value="All"
            />
            <label
              class="label-filter"
              for="teeth7"
            >
              7
            </label>
          </div>
        </fieldset>
        <fieldset>
          <legend
            class="bold"
          >
            Health
          </legend>
          <div>
            <input
              checked=""
              id="health0"
              name="health"
              type="radio"
              value="All"
            />
            <label
              class="label-filter"
              for="health0"
            >
              All
            </label>
          </div>
          <div>
            <input
              id="health1"
              name="health"
              type="radio"
              value="All"
            />
            <label
              class="label-filter"
              for="health1"
            >
              1
            </label>
          </div>
          <div>
            <input
              id="health2"
              name="health"
              type="radio"
              value="All"
            />
            <label
              class="label-filter"
              for="health2"
            >
              2
            </label>
          </div>
          <div>
            <input
              id="health3"
              name="health"
              type="radio"
              value="All"
            />
            <label
              class="label-filter"
              for="health3"
            >
              3
            </label>
          </div>
          <div>
            <input
              id="health4"
              name="health"
              type="radio"
              value="All"
            />
            <label
              class="label-filter"
              for="health4"
            >
              4
            </label>
          </div>
          <div>
            <input
              id="health5"
              name="health"
              type="radio"
              value="All"
            />
            <label
              class="label-filter"
              for="health5"
            >
              5
            </label>
          </div>
          <div>
            <input
              id="health6"
              name="health"
              type="radio"
              value="All"
            />
            <label
              class="label-filter"
              for="health6"
            >
              6
            </label>
          </div>
          <div>
            <input
              id="health7"
              name="health"
              type="radio"
              value="All"
            />
            <label
              class="label-filter"
              for="health7"
            >
              7
            </label>
          </div>
        </fieldset>
        <fieldset>
          <legend
            class="bold"
          >
            Power
          </legend>
          <div>
            <input
              checked=""
              id="power0"
              name="power"
              type="radio"
              value="All"
            />
            <label
              class="label-filter"
              for="power0"
            >
              All
            </label>
          </div>
          <div>
            <input
              id="power1"
              name="power"
              type="radio"
              value="All"
            />
            <label
              class="label-filter"
              for="power1"
            >
              1
            </label>
          </div>
          <div>
            <input
              id="power2"
              name="power"
              type="radio"
              value="All"
            />
            <label
              class="label-filter"
              for="power2"
            >
              2
            </label>
          </div>
          <div>
            <input
              id="power3"
              name="power"
              type="radio"
              value="All"
            />
            <label
              class="label-filter"
              for="power3"
            >
              3
            </label>
          </div>
          <div>
            <input
              id="power4"
              name="power"
              type="radio"
              value="All"
            />
            <label
              class="label-filter"
              for="power4"
            >
              4
            </label>
          </div>
          <div>
            <input
              id="power5"
              name="power"
              type="radio"
              value="All"
            />
            <label
              class="label-filter"
              for="power5"
            >
              5
            </label>
          </div>
          <div>
            <input
              id="power6"
              name="power"
              type="radio"
              value="All"
            />
            <label
              class="label-filter"
              for="power6"
            >
              6
            </label>
          </div>
          <div>
            <input
              id="power7"
              name="power"
              type="radio"
              value="All"
            />
            <label
              class="label-filter"
              for="power7"
            >
              7
            </label>
          </div>
        </fieldset>
        <fieldset>
          <legend
            class="bold"
          >
            Cost
          </legend>
          <div>
            <input
              checked=""
              id="cost0"
              name="cost"
              type="radio"
              value="All"
            />
            <label
              class="label-filter"
              for="cost0"
            >
              All
            </label>
          </div>
          <div>
            <input
              id="cost1"
              name="cost"
              type="radio"
              value="All"
            />
            <label
              class="label-filter"
              for="cost1"
            >
              1
            </label>
          </div>
          <div>
            <input
              id="cost2"
              name="cost"
              type="radio"
              value="All"
            />
            <label
              class="label-filter"
              for="cost2"
            >
              2
            </label>
          </div>
          <div>
            <input
              id="cost3"
              name="cost"
              type="radio"
              value="All"
            />
            <label
              class="label-filter"
              for="cost3"
            >
              3
            </label>
          </div>
          <div>
            <input
              id="cost4"
              name="cost"
              type="radio"
              value="All"
            />
            <label
              class="label-filter"
              for="cost4"
            >
              4
            </label>
          </div>
          <div>
            <input
              id="cost5"
              name="cost"
              type="radio"
              value="All"
            />
            <label
              class="label-filter"
              for="cost5"
            >
              5
            </label>
          </div>
          <div>
            <input
              id="cost6"
              name="cost"
              type="radio"
              value="All"
            />
            <label
              class="label-filter"
              for="cost6"
            >
              6
            </label>
          </div>
          <div>
            <input
              id="cost7"
              name="cost"
              type="radio"
              value="All"
            />
            <label
              class="label-filter"
              for="cost7"
            >
              7
            </label>
          </div>
          <div>
            <input
              id="cost8"
              name="cost"
              type="radio"
              value="All"
            />
            <label
              class="label-filter"
              for="cost8"
            >
              8
            </label>
          </div>
        </fieldset>
        <fieldset>
          <legend
            class="bold"
          >
            Cost Type
          </legend>
          <div>
            <input
              checked=""
              id="costType0"
              name="costType"
              type="radio"
              value="All"
            />
            <label
              class="label-filter"
              for="costType0"
            >
              All
            </label>
          </div>
          <div>
            <input
              id="costType1"
              name="costType"
              type="radio"
              value="All"
            />
            <label
              class="label-filter"
              for="costType1"
            >
              blood
            </label>
          </div>
          <div>
            <input
              id="costType2"
              name="costType"
              type="radio"
              value="All"
            />
            <label
              class="label-filter"
              for="costType2"
            >
              bone
            </label>
          </div>
        </fieldset>
      </div>
      <div
        class="shop-cont"
      >
        <div
          class="card-cont"
        >
          <div
            class="card"
          >
            <img
              alt="test"
              src="adder.png"
            />
            <div
              class="card-details"
            >
              <div
                class="card-name"
              >
                Adder
              </div>
              <div>
                The caustic Adder. Damage from its poison bite is always lethal.
              </div>
              <div
                class="price-tag"
              >
                <span>
                  Cost:   
                </span>
                <span
                  class="price"
                >
                  4
                </span>
                <span>
                    teeth
                </span>
              </div>
              <div
                class="in-stock"
              >
                In Stock
              </div>
              <div>
                <label
                  for="Adder"
                >
                  Qty:  
                </label>
                <input
                  id="Adder"
                  min="0"
                  type="number"
                  value="1"
                />
              </div>
              <button
                type="submit"
              >
                Add to cart
              </button>
            </div>
          </div>
          <div
            class="card"
          >
            <img
              alt="test"
              src="alpha.png"
            />
            <div
              class="card-details"
            >
              <div
                class="card-name"
              >
                Alpha
              </div>
              <div>
                The venerable Alpha. Its courage emboldens the creatures that stand beside it.
              </div>
              <div
                class="price-tag"
              >
                <span>
                  Cost:   
                </span>
                <span
                  class="price"
                >
                  3
                </span>
                <span>
                    teeth
                </span>
              </div>
              <div
                class="in-stock"
              >
                In Stock
              </div>
              <div>
                <label
                  for="Alpha"
                >
                  Qty:  
                </label>
                <input
                  id="Alpha"
                  min="0"
                  type="number"
                  value="1"
                />
              </div>
              <button
                type="submit"
              >
                Add to cart
              </button>
            </div>
          </div>
          <div
            class="card"
          >
            <img
              alt="test"
              src="amalgam.png"
            />
            <div
              class="card-details"
            >
              <div
                class="card-name"
              >
                Amalgam
              </div>
              <div>
                Canine. Hooved. Reptilian. Feathered. Insectoid. The Amalgam is all.
              </div>
              <div
                class="price-tag"
              >
                <span>
                  Cost:   
                </span>
                <span
                  class="price"
                >
                  5
                </span>
                <span>
                    teeth
                </span>
              </div>
              <div
                class="in-stock"
              >
                In Stock
              </div>
              <div>
                <label
                  for="Amalgam"
                >
                  Qty:  
                </label>
                <input
                  id="Amalgam"
                  min="0"
                  type="number"
                  value="1"
                />
              </div>
              <button
                type="submit"
              >
                Add to cart
              </button>
            </div>
          </div>
          <div
            class="card"
          >
            <img
              alt="test"
              src="amoeba.png"
            />
            <div
              class="card-details"
            >
              <div
                class="card-name"
              >
                Amoeba
              </div>
              <div>
                The amorphous Amoeba. Its sigils are ever changing.
              </div>
              <div
                class="price-tag"
              >
                <span>
                  Cost:   
                </span>
                <span
                  class="price"
                >
                  5
                </span>
                <span>
                    teeth
                </span>
              </div>
              <div
                class="in-stock"
              >
                In Stock
              </div>
              <div>
                <label
                  for="Amoeba"
                >
                  Qty:  
                </label>
                <input
                  id="Amoeba"
                  min="0"
                  type="number"
                  value="1"
                />
              </div>
              <button
                type="submit"
              >
                Add to cart
              </button>
            </div>
          </div>
          <div
            class="card"
          >
            <img
              alt="test"
              src="ant-queen.png"
            />
            <div
              class="card-details"
            >
              <div
                class="card-name"
              >
                Ant Queen
              </div>
              <div>
                The Regal Ant Queen. She births a new Ant once played.
              </div>
              <div
                class="price-tag"
              >
                <span>
                  Cost:   
                </span>
                <span
                  class="price"
                >
                  3
                </span>
                <span>
                    teeth
                </span>
              </div>
              <div
                class="in-stock"
              >
                In Stock
              </div>
              <div>
                <label
                  for="Ant Queen"
                >
                  Qty:  
                </label>
                <input
                  id="Ant Queen"
                  min="0"
                  type="number"
                  value="1"
                />
              </div>
              <button
                type="submit"
              >
                Add to cart
              </button>
            </div>
          </div>
          <div
            class="card"
          >
            <img
              alt="test"
              src="bat.png"
            />
            <div
              class="card-details"
            >
              <div
                class="card-name"
              >
                Bat
              </div>
              <div>
                The meddlesome Bat. A minor terror.
              </div>
              <div
                class="price-tag"
              >
                <span>
                  Cost:   
                </span>
                <span
                  class="price"
                >
                  3
                </span>
                <span>
                    teeth
                </span>
              </div>
              <div
                class="in-stock"
              >
                In Stock
              </div>
              <div>
                <label
                  for="Bat"
                >
                  Qty:  
                </label>
                <input
                  id="Bat"
                  min="0"
                  type="number"
                  value="1"
                />
              </div>
              <button
                type="submit"
              >
                Add to cart
              </button>
            </div>
          </div>
          <div
            class="card"
          >
            <img
              alt="test"
              src="beaver.png"
            />
            <div
              class="card-details"
            >
              <div
                class="card-name"
              >
                Beaver
              </div>
              <div>
                The industrious Beaver. When played it constructs Dams adjacent to it.
              </div>
              <div
                class="price-tag"
              >
                <span>
                  Cost:   
                </span>
                <span
                  class="price"
                >
                  2
                </span>
                <span>
                    teeth
                </span>
              </div>
              <div
                class="in-stock"
              >
                In Stock
              </div>
              <div>
                <label
                  for="Beaver"
                >
                  Qty:  
                </label>
                <input
                  id="Beaver"
                  min="0"
                  type="number"
                  value="1"
                />
              </div>
              <button
                type="submit"
              >
                Add to cart
              </button>
            </div>
          </div>
          <div
            class="card"
          >
            <img
              alt="test"
              src="bee.png"
            />
            <div
              class="card-details"
            >
              <div
                class="card-name"
              >
                Bee
              </div>
              <div>
                The bee.
              </div>
              <div
                class="price-tag"
              >
                <span>
                  Cost:   
                </span>
                <span
                  class="price"
                >
                  0
                </span>
                <span>
                    teeth
                </span>
              </div>
              <div
                class="in-stock"
              >
                In Stock
              </div>
              <div>
                <label
                  for="Bee"
                >
                  Qty:  
                </label>
                <input
                  id="Bee"
                  min="0"
                  type="number"
                  value="1"
                />
              </div>
              <button
                type="submit"
              >
                Add to cart
              </button>
            </div>
          </div>
          <div
            class="card"
          >
            <img
              alt="test"
              src="beehive.png"
            />
            <div
              class="card-details"
            >
              <div
                class="card-name"
              >
                Beehive
              </div>
              <div>
                The inviolable Beehive. When it is attacked, you will draw a Bee.
              </div>
              <div
                class="price-tag"
              >
                <span>
                  Cost:  
                </span>
                <span
                  class="price"
                >
                  1
                   
                </span>
                <span>
                    tooth
                </span>
              </div>
              <div
                class="in-stock"
              >
                In Stock
              </div>
              <div>
                <label
                  for="Beehive"
                >
                  Qty:  
                </label>
                <input
                  id="Beehive"
                  min="0"
                  type="number"
                  value="1"
                />
              </div>
              <button
                type="submit"
              >
                Add to cart
              </button>
            </div>
          </div>
          <div
            class="card"
          >
            <img
              alt="test"
              src="black-goat.png"
            />
            <div
              class="card-details"
            >
              <div
                class="card-name"
              >
                Black Goat
              </div>
              <div>
                The apotheosized Goat. The truest offering. Sacrificing it grants three blood.
              </div>
              <div
                class="price-tag"
              >
                <span>
                  Cost:   
                </span>
                <span
                  class="price"
                >
                  5
                </span>
                <span>
                    teeth
                </span>
              </div>
              <div
                class="in-stock"
              >
                In Stock
              </div>
              <div>
                <label
                  for="Black Goat"
                >
                  Qty:  
                </label>
                <input
                  id="Black Goat"
                  min="0"
                  type="number"
                  value="1"
                />
              </div>
              <button
                type="submit"
              >
                Add to cart
              </button>
            </div>
          </div>
          <div
            class="card"
          >
            <img
              alt="test"
              src="bloodhound.png"
            />
            <div
              class="card-details"
            >
              <div
                class="card-name"
              >
                Bloodhound
              </div>
              <div>
                The dauntless bloodhound. It leaps to oppose new creatures when they are played.
              </div>
              <div
                class="price-tag"
              >
                <span>
                  Cost:   
                </span>
                <span
                  class="price"
                >
                  2
                </span>
                <span>
                    teeth
                </span>
              </div>
              <div
                class="in-stock"
              >
                In Stock
              </div>
              <div>
                <label
                  for="Bloodhound"
                >
                  Qty:  
                </label>
                <input
                  id="Bloodhound"
                  min="0"
                  type="number"
                  value="1"
                />
              </div>
              <button
                type="submit"
              >
                Add to cart
              </button>
            </div>
          </div>
          <div
            class="card"
          >
            <img
              alt="test"
              src="bullfrog.png"
            />
            <div
              class="card-details"
            >
              <div
                class="card-name"
              >
                Bullfrog
              </div>
              <div>
                The watchful Bullfrog. It leaps in the way of attacking flyers.
              </div>
              <div
                class="price-tag"
              >
                <span>
                  Cost:   
                </span>
                <span
                  class="price"
                >
                  3
                </span>
                <span>
                    teeth
                </span>
              </div>
              <div
                class="in-stock"
              >
                In Stock
              </div>
              <div>
                <label
                  for="Bullfrog"
                >
                  Qty:  
                </label>
                <input
                  id="Bullfrog"
                  min="0"
                  type="number"
                  value="1"
                />
              </div>
              <button
                type="submit"
              >
                Add to cart
              </button>
            </div>
          </div>
          <div
            class="card"
          >
            <img
              alt="test"
              src="cat.png"
            />
            <div
              class="card-details"
            >
              <div
                class="card-name"
              >
                Cat
              </div>
              <div>
                The undying Cat. Sacrificing the poor beast does not kill it.
              </div>
              <div
                class="price-tag"
              >
                <span>
                  Cost:   
                </span>
                <span
                  class="price"
                >
                  3
                </span>
                <span>
                    teeth
                </span>
              </div>
              <div
                class="in-stock"
              >
                In Stock
              </div>
              <div>
                <label
                  for="Cat"
                >
                  Qty:  
                </label>
                <input
                  id="Cat"
                  min="0"
                  type="number"
                  value="1"
                />
              </div>
              <button
                type="submit"
              >
                Add to cart
              </button>
            </div>
          </div>
          <div
            class="card"
          >
            <img
              alt="test"
              src="child-13.png"
            />
            <div
              class="card-details"
            >
              <div
                class="card-name"
              >
                Child 13
              </div>
              <div>
                Poor abandoned child. It does not die when sacrificed... but do you have the heart to try?
              </div>
              <div
                class="price-tag"
              >
                <span>
                  Cost:   
                </span>
                <span
                  class="price"
                >
                  6
                </span>
                <span>
                    teeth
                </span>
              </div>
              <div
                class="in-stock"
              >
                In Stock
              </div>
              <div>
                <label
                  for="Child 13"
                >
                  Qty:  
                </label>
                <input
                  id="Child 13"
                  min="0"
                  type="number"
                  value="1"
                />
              </div>
              <button
                type="submit"
              >
                Add to cart
              </button>
            </div>
          </div>
          <div
            class="card"
          >
            <img
              alt="test"
              src="cockroach.png"
            />
            <div
              class="card-details"
            >
              <div
                class="card-name"
              >
                Cockroach
              </div>
              <div>
                The unkillable Cockroach. It returns to your hand after dying
              </div>
              <div
                class="price-tag"
              >
                <span>
                  Cost:   
                </span>
                <span
                  class="price"
                >
                  4
                </span>
                <span>
                    teeth
                </span>
              </div>
              <div
                class="in-stock"
              >
                In Stock
              </div>
              <div>
                <label
                  for="Cockroach"
                >
                  Qty:  
                </label>
                <input
                  id="Cockroach"
                  min="0"
                  type="number"
                  value="1"
                />
              </div>
              <button
                type="submit"
              >
                Add to cart
              </button>
            </div>
          </div>
          <div
            class="card"
          >
            <img
              alt="test"
              src="corpse-maggots.png"
            />
            <div
              class="card-details"
            >
              <div
                class="card-name"
              >
                Corpse Maggots
              </div>
              <div>
                The inevitable Maggot. They will lurch forth from your hand when your creatures are killed.
              </div>
              <div
                class="price-tag"
              >
                <span>
                  Cost:   
                </span>
                <span
                  class="price"
                >
                  4
                </span>
                <span>
                    teeth
                </span>
              </div>
              <div
                class="in-stock"
              >
                In Stock
              </div>
              <div>
                <label
                  for="Corpse Maggots"
                >
                  Qty:  
                </label>
                <input
                  id="Corpse Maggots"
                  min="0"
                  type="number"
                  value="1"
                />
              </div>
              <button
                type="submit"
              >
                Add to cart
              </button>
            </div>
          </div>
          <div
            class="card"
          >
            <img
              alt="test"
              src="coyote.png"
            />
            <div
              class="card-details"
            >
              <div
                class="card-name"
              >
                Coyote
              </div>
              <div>
                The meager Coyote. But what did you expect for only four bones?
              </div>
              <div
                class="price-tag"
              >
                <span>
                  Cost:   
                </span>
                <span
                  class="price"
                >
                  3
                </span>
                <span>
                    teeth
                </span>
              </div>
              <div
                class="in-stock"
              >
                In Stock
              </div>
              <div>
                <label
                  for="Coyote"
                >
                  Qty:  
                </label>
                <input
                  id="Coyote"
                  min="0"
                  type="number"
                  value="1"
                />
              </div>
              <button
                type="submit"
              >
                Add to cart
              </button>
            </div>
          </div>
          <div
            class="card"
          >
            <img
              alt="test"
              src="elk.png"
            />
            <div
              class="card-details"
            >
              <div
                class="card-name"
              >
                Elk
              </div>
              <div>
                The flighty Elk. It moves after attacking.
              </div>
              <div
                class="price-tag"
              >
                <span>
                  Cost:   
                </span>
                <span
                  class="price"
                >
                  2
                </span>
                <span>
                    teeth
                </span>
              </div>
              <div
                class="in-stock"
              >
                In Stock
              </div>
              <div>
                <label
                  for="Elk"
                >
                  Qty:  
                </label>
                <input
                  id="Elk"
                  min="0"
                  type="number"
                  value="1"
                />
              </div>
              <button
                type="submit"
              >
                Add to cart
              </button>
            </div>
          </div>
          <div
            class="card"
          >
            <img
              alt="test"
              src="elk-fawn.png"
            />
            <div
              class="card-details"
            >
              <div
                class="card-name"
              >
                Elk Fawn
              </div>
              <div>
                The nascent Fawn. It quickly grows into an elk.
              </div>
              <div
                class="price-tag"
              >
                <span>
                  Cost:   
                </span>
                <span
                  class="price"
                >
                  4
                </span>
                <span>
                    teeth
                </span>
              </div>
              <div
                class="in-stock"
              >
                In Stock
              </div>
              <div>
                <label
                  for="Elk Fawn"
                >
                  Qty:  
                </label>
                <input
                  id="Elk Fawn"
                  min="0"
                  type="number"
                  value="1"
                />
              </div>
              <button
                type="submit"
              >
                Add to cart
              </button>
            </div>
          </div>
          <div
            class="card"
          >
            <img
              alt="test"
              src="field-mice.png"
            />
            <div
              class="card-details"
            >
              <div
                class="card-name"
              >
                Field Mice
              </div>
              <div>
                Hm. The licentious Field Mice. You will draw a copy when they are played.
              </div>
              <div
                class="price-tag"
              >
                <span>
                  Cost:   
                </span>
                <span
                  class="price"
                >
                  7
                </span>
                <span>
                    teeth
                </span>
              </div>
              <div
                class="in-stock"
              >
                In Stock
              </div>
              <div>
                <label
                  for="Field Mice"
                >
                  Qty:  
                </label>
                <input
                  id="Field Mice"
                  min="0"
                  type="number"
                  value="1"
                />
              </div>
              <button
                type="submit"
              >
                Add to cart
              </button>
            </div>
          </div>
          <div
            class="card"
          >
            <img
              alt="test"
              src="geck.png"
            />
            <div
              class="card-details"
            >
              <div
                class="card-name"
              >
                Geck
              </div>
              <div>
                The uninspiring Geck. Perhaps you can find a use for it?
              </div>
              <div
                class="price-tag"
              >
                <span>
                  Cost:   
                </span>
                <span
                  class="price"
                >
                  6
                </span>
                <span>
                    teeth
                </span>
              </div>
              <div
                class="in-stock"
              >
                In Stock
              </div>
              <div>
                <label
                  for="Geck"
                >
                  Qty:  
                </label>
                <input
                  id="Geck"
                  min="0"
                  type="number"
                  value="1"
                />
              </div>
              <button
                type="submit"
              >
                Add to cart
              </button>
            </div>
          </div>
          <div
            class="card"
          >
            <img
              alt="test"
              src="great-white.png"
            />
            <div
              class="card-details"
            >
              <div
                class="card-name"
              >
                Great White
              </div>
              <div>
                The tyrannical Great White. The master of the deep.
              </div>
              <div
                class="price-tag"
              >
                <span>
                  Cost:   
                </span>
                <span
                  class="price"
                >
                  4
                </span>
                <span>
                    teeth
                </span>
              </div>
              <div
                class="in-stock"
              >
                In Stock
              </div>
              <div>
                <label
                  for="Great White"
                >
                  Qty:  
                </label>
                <input
                  id="Great White"
                  min="0"
                  type="number"
                  value="1"
                />
              </div>
              <button
                type="submit"
              >
                Add to cart
              </button>
            </div>
          </div>
          <div
            class="card"
          >
            <img
              alt="test"
              src="grizzly.png"
            />
            <div
              class="card-details"
            >
              <div
                class="card-name"
              >
                Grizzly
              </div>
              <div>
                The monstrous Grizzly. Its form speaks enough of its efficacy.
              </div>
              <div
                class="price-tag"
              >
                <span>
                  Cost:   
                </span>
                <span
                  class="price"
                >
                  4
                </span>
                <span>
                    teeth
                </span>
              </div>
              <div
                class="in-stock"
              >
                In Stock
              </div>
              <div>
                <label
                  for="Grizzly"
                >
                  Qty:  
                </label>
                <input
                  id="Grizzly"
                  min="0"
                  type="number"
                  value="1"
                />
              </div>
              <button
                type="submit"
              >
                Add to cart
              </button>
            </div>
          </div>
          <div
            class="card"
          >
            <img
              alt="test"
              src="kingfisher.png"
            />
            <div
              class="card-details"
            >
              <div
                class="card-name"
              >
                Kingfisher
              </div>
              <div>
                The adept Kingfisher. A slippery hunter.
              </div>
              <div
                class="price-tag"
              >
                <span>
                  Cost:   
                </span>
                <span
                  class="price"
                >
                  3
                </span>
                <span>
                    teeth
                </span>
              </div>
              <div
                class="in-stock"
              >
                In Stock
              </div>
              <div>
                <label
                  for="Kingfisher"
                >
                  Qty:  
                </label>
                <input
                  id="Kingfisher"
                  min="0"
                  type="number"
                  value="1"
                />
              </div>
              <button
                type="submit"
              >
                Add to cart
              </button>
            </div>
          </div>
          <div
            class="card"
          >
            <img
              alt="test"
              src="long-elk.png"
            />
            <div
              class="card-details"
            >
              <div
                class="card-name"
              >
                Long Elk
              </div>
              <div>
                I have no words for this freak of nature.
              </div>
              <div
                class="price-tag"
              >
                <span>
                  Cost:   
                </span>
                <span
                  class="price"
                >
                  5
                </span>
                <span>
                    teeth
                </span>
              </div>
              <div
                class="in-stock"
              >
                In Stock
              </div>
              <div>
                <label
                  for="Long Elk"
                >
                  Qty:  
                </label>
                <input
                  id="Long Elk"
                  min="0"
                  type="number"
                  value="1"
                />
              </div>
              <button
                type="submit"
              >
                Add to cart
              </button>
            </div>
          </div>
          <div
            class="card"
          >
            <img
              alt="test"
              src="magpie.png"
            />
            <div
              class="card-details"
            >
              <div
                class="card-name"
              >
                Magpie
              </div>
              <div>
                The covetous Magpie. It can fetch any card in your deck.
              </div>
              <div
                class="price-tag"
              >
                <span>
                  Cost:   
                </span>
                <span
                  class="price"
                >
                  4
                </span>
                <span>
                    teeth
                </span>
              </div>
              <div
                class="in-stock"
              >
                In Stock
              </div>
              <div>
                <label
                  for="Magpie"
                >
                  Qty:  
                </label>
                <input
                  id="Magpie"
                  min="0"
                  type="number"
                  value="1"
                />
              </div>
              <button
                type="submit"
              >
                Add to cart
              </button>
            </div>
          </div>
          <div
            class="card"
          >
            <img
              alt="test"
              src="mantis.png"
            />
            <div
              class="card-details"
            >
              <div
                class="card-name"
              >
                Mantis
              </div>
              <div>
                The fervid Mantis. Its prying claws strike both to the left and right
              </div>
              <div
                class="price-tag"
              >
                <span>
                  Cost:   
                </span>
                <span
                  class="price"
                >
                  5
                </span>
                <span>
                    teeth
                </span>
              </div>
              <div
                class="in-stock"
              >
                In Stock
              </div>
              <div>
                <label
                  for="Mantis"
                >
                  Qty:  
                </label>
                <input
                  id="Mantis"
                  min="0"
                  type="number"
                  value="1"
                />
              </div>
              <button
                type="submit"
              >
                Add to cart
              </button>
            </div>
          </div>
          <div
            class="card"
          >
            <img
              alt="test"
              src="mantis-god.png"
            />
            <div
              class="card-details"
            >
              <div
                class="card-name"
              >
                Mantis God
              </div>
              <div>
                The holy Mantis God. A perfect incarnation of terror.
              </div>
              <div
                class="price-tag"
              >
                <span>
                  Cost:   
                </span>
                <span
                  class="price"
                >
                  6
                </span>
                <span>
                    teeth
                </span>
              </div>
              <div
                class="in-stock"
              >
                In Stock
              </div>
              <div>
                <label
                  for="Mantis God"
                >
                  Qty:  
                </label>
                <input
                  id="Mantis God"
                  min="0"
                  type="number"
                  value="1"
                />
              </div>
              <button
                type="submit"
              >
                Add to cart
              </button>
            </div>
          </div>
          <div
            class="card"
          >
            <img
              alt="test"
              src="mole.png"
            />
            <div
              class="card-details"
            >
              <div
                class="card-name"
              >
                Mole
              </div>
              <div>
                The omnipresent mole. It burrows and emerges to block any landborne attacker.
              </div>
              <div
                class="price-tag"
              >
                <span>
                  Cost:   
                </span>
                <span
                  class="price"
                >
                  3
                </span>
                <span>
                    teeth
                </span>
              </div>
              <div
                class="in-stock"
              >
                In Stock
              </div>
              <div>
                <label
                  for="Mole"
                >
                  Qty:  
                </label>
                <input
                  id="Mole"
                  min="0"
                  type="number"
                  value="1"
                />
              </div>
              <button
                type="submit"
              >
                Add to cart
              </button>
            </div>
          </div>
          <div
            class="card"
          >
            <img
              alt="test"
              src="mole-man.png"
            />
            <div
              class="card-details"
            >
              <div
                class="card-name"
              >
                Mole Man
              </div>
              <div>
                The stalwart Mole Man. The ultimate defense.
              </div>
              <div
                class="price-tag"
              >
                <span>
                  Cost:   
                </span>
                <span
                  class="price"
                >
                  5
                </span>
                <span>
                    teeth
                </span>
              </div>
              <div
                class="in-stock"
              >
                In Stock
              </div>
              <div>
                <label
                  for="Mole Man"
                >
                  Qty:  
                </label>
                <input
                  id="Mole Man"
                  min="0"
                  type="number"
                  value="1"
                />
              </div>
              <button
                type="submit"
              >
                Add to cart
              </button>
            </div>
          </div>
          <div
            class="card"
          >
            <img
              alt="test"
              src="moose-buck.png"
            />
            <div
              class="card-details"
            >
              <div
                class="card-name"
              >
                Moose Buck
              </div>
              <div>
                The regal moose buck. Creatures of the wild make way for it.
              </div>
              <div
                class="price-tag"
              >
                <span>
                  Cost:   
                </span>
                <span
                  class="price"
                >
                  5
                </span>
                <span>
                    teeth
                </span>
              </div>
              <div
                class="in-stock"
              >
                In Stock
              </div>
              <div>
                <label
                  for="Moose Buck"
                >
                  Qty:  
                </label>
                <input
                  id="Moose Buck"
                  min="0"
                  type="number"
                  value="1"
                />
              </div>
              <button
                type="submit"
              >
                Add to cart
              </button>
            </div>
          </div>
          <div
            class="card"
          >
            <img
              alt="test"
              src="opossum.png"
            />
            <div
              class="card-details"
            >
              <div
                class="card-name"
              >
                Opossum
              </div>
              <div>
                The resourceful Opossum. A small creature for a small price.
              </div>
              <div
                class="price-tag"
              >
                <span>
                  Cost:   
                </span>
                <span
                  class="price"
                >
                  3
                </span>
                <span>
                    teeth
                </span>
              </div>
              <div
                class="in-stock"
              >
                In Stock
              </div>
              <div>
                <label
                  for="Opossum"
                >
                  Qty:  
                </label>
                <input
                  id="Opossum"
                  min="0"
                  type="number"
                  value="1"
                />
              </div>
              <button
                type="submit"
              >
                Add to cart
              </button>
            </div>
          </div>
          <div
            class="card"
          >
            <img
              alt="test"
              src="ouroboros.png"
            />
            <div
              class="card-details"
            >
              <div
                class="card-name"
              >
                Ouroboros
              </div>
              <div>
                The eternal serpent. Death strengthens it forever.
              </div>
              <div
                class="price-tag"
              >
                <span>
                  Cost:   
                </span>
                <span
                  class="price"
                >
                  7
                </span>
                <span>
                    teeth
                </span>
              </div>
              <div
                class="in-stock"
              >
                In Stock
              </div>
              <div>
                <label
                  for="Ouroboros"
                >
                  Qty:  
                </label>
                <input
                  id="Ouroboros"
                  min="0"
                  type="number"
                  value="1"
                />
              </div>
              <button
                type="submit"
              >
                Add to cart
              </button>
            </div>
          </div>
          <div
            class="card"
          >
            <img
              alt="test"
              src="pack-rat.png"
            />
            <div
              class="card-details"
            >
              <div
                class="card-name"
              >
                Pack Rat
              </div>
              <div>
                The prudent Pack Rat. Never doubt the utility of a well stocked pack.
              </div>
              <div
                class="price-tag"
              >
                <span>
                  Cost:   
                </span>
                <span
                  class="price"
                >
                  4
                </span>
                <span>
                    teeth
                </span>
              </div>
              <div
                class="in-stock"
              >
                In Stock
              </div>
              <div>
                <label
                  for="Pack Rat"
                >
                  Qty:  
                </label>
                <input
                  id="Pack Rat"
                  min="0"
                  type="number"
                  value="1"
                />
              </div>
              <button
                type="submit"
              >
                Add to cart
              </button>
            </div>
          </div>
          <div
            class="card"
          >
            <img
              alt="test"
              src="porcupine.png"
            />
            <div
              class="card-details"
            >
              <div
                class="card-name"
              >
                Porcupine
              </div>
              <div>
                The ornery Porcupine. Sharp quills await those who dare attack it.
              </div>
              <div
                class="price-tag"
              >
                <span>
                  Cost:   
                </span>
                <span
                  class="price"
                >
                  4
                </span>
                <span>
                    teeth
                </span>
              </div>
              <div
                class="in-stock"
              >
                In Stock
              </div>
              <div>
                <label
                  for="Porcupine"
                >
                  Qty:  
                </label>
                <input
                  id="Porcupine"
                  min="0"
                  type="number"
                  value="1"
                />
              </div>
              <button
                type="submit"
              >
                Add to cart
              </button>
            </div>
          </div>
          <div
            class="card"
          >
            <img
              alt="test"
              src="pronghorn.png"
            />
            <div
              class="card-details"
            >
              <div
                class="card-name"
              >
                Pronghorn
              </div>
              <div>
                The sadistic Pronghorn. Woe be to those that meet the end of its antlers.
              </div>
              <div
                class="price-tag"
              >
                <span>
                  Cost:   
                </span>
                <span
                  class="price"
                >
                  2
                </span>
                <span>
                    teeth
                </span>
              </div>
              <div
                class="in-stock"
              >
                In Stock
              </div>
              <div>
                <label
                  for="Pronghorn"
                >
                  Qty:  
                </label>
                <input
                  id="Pronghorn"
                  min="0"
                  type="number"
                  value="1"
                />
              </div>
              <button
                type="submit"
              >
                Add to cart
              </button>
            </div>
          </div>
          <div
            class="card"
          >
            <img
              alt="test"
              src="rat-king.png"
            />
            <div
              class="card-details"
            >
              <div
                class="card-name"
              >
                Rat King
              </div>
              <div>
                The tragic Rat King. When their tangled bodies become corpses you will gain four bones.
              </div>
              <div
                class="price-tag"
              >
                <span>
                  Cost:   
                </span>
                <span
                  class="price"
                >
                  2
                </span>
                <span>
                    teeth
                </span>
              </div>
              <div
                class="in-stock"
              >
                In Stock
              </div>
              <div>
                <label
                  for="Rat King"
                >
                  Qty:  
                </label>
                <input
                  id="Rat King"
                  min="0"
                  type="number"
                  value="1"
                />
              </div>
              <button
                type="submit"
              >
                Add to cart
              </button>
            </div>
          </div>
          <div
            class="card"
          >
            <img
              alt="test"
              src="rattler.png"
            />
            <div
              class="card-details"
            >
              <div
                class="card-name"
              >
                Rattler
              </div>
              <div>
                The nefarious Rattler. A brittle creature... once past its monstrous fangs.
              </div>
              <div
                class="price-tag"
              >
                <span>
                  Cost:   
                </span>
                <span
                  class="price"
                >
                  5
                </span>
                <span>
                    teeth
                </span>
              </div>
              <div
                class="in-stock"
              >
                In Stock
              </div>
              <div>
                <label
                  for="Rattler"
                >
                  Qty:  
                </label>
                <input
                  id="Rattler"
                  min="0"
                  type="number"
                  value="1"
                />
              </div>
              <button
                type="submit"
              >
                Add to cart
              </button>
            </div>
          </div>
          <div
            class="card"
          >
            <img
              alt="test"
              src="raven.png"
            />
            <div
              class="card-details"
            >
              <div
                class="card-name"
              >
                Raven
              </div>
              <div>
                The conniving Raven. A blight upon the skies.
              </div>
              <div
                class="price-tag"
              >
                <span>
                  Cost:   
                </span>
                <span
                  class="price"
                >
                  4
                </span>
                <span>
                    teeth
                </span>
              </div>
              <div
                class="in-stock"
              >
                In Stock
              </div>
              <div>
                <label
                  for="Raven"
                >
                  Qty:  
                </label>
                <input
                  id="Raven"
                  min="0"
                  type="number"
                  value="1"
                />
              </div>
              <button
                type="submit"
              >
                Add to cart
              </button>
            </div>
          </div>
          <div
            class="card"
          >
            <img
              alt="test"
              src="raven-egg.png"
            />
            <div
              class="card-details"
            >
              <div
                class="card-name"
              >
                Raven Egg
              </div>
              <div>
                A Nascent Raven. It is no less conniving in its incubation.
              </div>
              <div
                class="price-tag"
              >
                <span>
                  Cost:   
                </span>
                <span
                  class="price"
                >
                  3
                </span>
                <span>
                    teeth
                </span>
              </div>
              <div
                class="in-stock"
              >
                In Stock
              </div>
              <div>
                <label
                  for="Raven Egg"
                >
                  Qty:  
                </label>
                <input
                  id="Raven Egg"
                  min="0"
                  type="number"
                  value="1"
                />
              </div>
              <button
                type="submit"
              >
                Add to cart
              </button>
            </div>
          </div>
          <div
            class="card"
          >
            <img
              alt="test"
              src="ring-worm.png"
            />
            <div
              class="card-details"
            >
              <div
                class="card-name"
              >
                Ring Worm
              </div>
              <div>
                The underappreciated Ring Worm. Its value is not readily apparent.
              </div>
              <div
                class="price-tag"
              >
                <span>
                  Cost:   
                </span>
                <span
                  class="price"
                >
                  0
                </span>
                <span>
                    teeth
                </span>
              </div>
              <div
                class="in-stock"
              >
                In Stock
              </div>
              <div>
                <label
                  for="Ring Worm"
                >
                  Qty:  
                </label>
                <input
                  id="Ring Worm"
                  min="0"
                  type="number"
                  value="1"
                />
              </div>
              <button
                type="submit"
              >
                Add to cart
              </button>
            </div>
          </div>
          <div
            class="card"
          >
            <img
              alt="test"
              src="river-otter.png"
            />
            <div
              class="card-details"
            >
              <div
                class="card-name"
              >
                River Otter
              </div>
              <div>
                An, the Elusive Otter. It submerges itself during my turn.
              </div>
              <div
                class="price-tag"
              >
                <span>
                  Cost:   
                </span>
                <span
                  class="price"
                >
                  2
                </span>
                <span>
                    teeth
                </span>
              </div>
              <div
                class="in-stock"
              >
                In Stock
              </div>
              <div>
                <label
                  for="River Otter"
                >
                  Qty:  
                </label>
                <input
                  id="River Otter"
                  min="0"
                  type="number"
                  value="1"
                />
              </div>
              <button
                type="submit"
              >
                Add to cart
              </button>
            </div>
          </div>
          <div
            class="card"
          >
            <img
              alt="test"
              src="river-snapper.png"
            />
            <div
              class="card-details"
            >
              <div
                class="card-name"
              >
                River Snapper
              </div>
              <div>
                The stalwart Snapper. A near impenetrable defense.
              </div>
              <div
                class="price-tag"
              >
                <span>
                  Cost:   
                </span>
                <span
                  class="price"
                >
                  3
                </span>
                <span>
                    teeth
                </span>
              </div>
              <div
                class="in-stock"
              >
                In Stock
              </div>
              <div>
                <label
                  for="River Snapper"
                >
                  Qty:  
                </label>
                <input
                  id="River Snapper"
                  min="0"
                  type="number"
                  value="1"
                />
              </div>
              <button
                type="submit"
              >
                Add to cart
              </button>
            </div>
          </div>
          <div
            class="card"
          >
            <img
              alt="test"
              src="skink.png"
            />
            <div
              class="card-details"
            >
              <div
                class="card-name"
              >
                Skink
              </div>
              <div>
                The Tenacious Skink. It moves over when attacked, leaving its tail behind.
              </div>
              <div
                class="price-tag"
              >
                <span>
                  Cost:   
                </span>
                <span
                  class="price"
                >
                  5
                </span>
                <span>
                    teeth
                </span>
              </div>
              <div
                class="in-stock"
              >
                In Stock
              </div>
              <div>
                <label
                  for="Skink"
                >
                  Qty:  
                </label>
                <input
                  id="Skink"
                  min="0"
                  type="number"
                  value="1"
                />
              </div>
              <button
                type="submit"
              >
                Add to cart
              </button>
            </div>
          </div>
          <div
            class="card"
          >
            <img
              alt="test"
              src="skunk.png"
            />
            <div
              class="card-details"
            >
              <div
                class="card-name"
              >
                Skunk
              </div>
              <div>
                The Reviled Skunk. Its stench reduces the strength of the enemy.
              </div>
              <div
                class="price-tag"
              >
                <span>
                  Cost:   
                </span>
                <span
                  class="price"
                >
                  3
                </span>
                <span>
                    teeth
                </span>
              </div>
              <div
                class="in-stock"
              >
                In Stock
              </div>
              <div>
                <label
                  for="Skunk"
                >
                  Qty:  
                </label>
                <input
                  id="Skunk"
                  min="0"
                  type="number"
                  value="1"
                />
              </div>
              <button
                type="submit"
              >
                Add to cart
              </button>
            </div>
          </div>
          <div
            class="card"
          >
            <img
              alt="test"
              src="sparrow.png"
            />
            <div
              class="card-details"
            >
              <div
                class="card-name"
              >
                Sparrow
              </div>
              <div>
                The Meek Sparrow. An inexpensive, if feeble, flying creature.
              </div>
              <div
                class="price-tag"
              >
                <span>
                  Cost:   
                </span>
                <span
                  class="price"
                >
                  3
                </span>
                <span>
                    teeth
                </span>
              </div>
              <div
                class="in-stock"
              >
                In Stock
              </div>
              <div>
                <label
                  for="Sparrow"
                >
                  Qty:  
                </label>
                <input
                  id="Sparrow"
                  min="0"
                  type="number"
                  value="1"
                />
              </div>
              <button
                type="submit"
              >
                Add to cart
              </button>
            </div>
          </div>
          <div
            class="card"
          >
            <img
              alt="test"
              src="squirrel.png"
            />
            <div
              class="card-details"
            >
              <div
                class="card-name"
              >
                Squirrel
              </div>
              <div>
                The squirrel.
              </div>
              <div
                class="price-tag"
              >
                <span>
                  Cost:   
                </span>
                <span
                  class="price"
                >
                  0
                </span>
                <span>
                    teeth
                </span>
              </div>
              <div
                class="in-stock"
              >
                In Stock
              </div>
              <div>
                <label
                  for="Squirrel"
                >
                  Qty:  
                </label>
                <input
                  id="Squirrel"
                  min="0"
                  type="number"
                  value="1"
                />
              </div>
              <button
                type="submit"
              >
                Add to cart
              </button>
            </div>
          </div>
          <div
            class="card"
          >
            <img
              alt="test"
              src="stinkbug.png"
            />
            <div
              class="card-details"
            >
              <div
                class="card-name"
              >
                Stinkbug
              </div>
              <div>
                I wasn't sure if I would ever escape that Iron Crypt...
              </div>
              <div
                class="price-tag"
              >
                <span>
                  Cost:   
                </span>
                <span
                  class="price"
                >
                  3
                </span>
                <span>
                    teeth
                </span>
              </div>
              <div
                class="in-stock"
              >
                In Stock
              </div>
              <div>
                <label
                  for="Stinkbug"
                >
                  Qty:  
                </label>
                <input
                  id="Stinkbug"
                  min="0"
                  type="number"
                  value="1"
                />
              </div>
              <button
                type="submit"
              >
                Add to cart
              </button>
            </div>
          </div>
          <div
            class="card"
          >
            <img
              alt="test"
              src="stoat.png"
            />
            <div
              class="card-details"
            >
              <div
                class="card-name"
              >
                Stoat
              </div>
              <div>
                Total misplay.
              </div>
              <div
                class="price-tag"
              >
                <span>
                  Cost:   
                </span>
                <span
                  class="price"
                >
                  4
                </span>
                <span>
                    teeth
                </span>
              </div>
              <div
                class="in-stock"
              >
                In Stock
              </div>
              <div>
                <label
                  for="Stoat"
                >
                  Qty:  
                </label>
                <input
                  id="Stoat"
                  min="0"
                  type="number"
                  value="1"
                />
              </div>
              <button
                type="submit"
              >
                Add to cart
              </button>
            </div>
          </div>
          <div
            class="card"
          >
            <img
              alt="test"
              src="strange-larva.png"
            />
            <div
              class="card-details"
            >
              <div
                class="card-name"
              >
                Strange Larva
              </div>
              <div>
                A largely unimpressive specimen.
              </div>
              <div
                class="price-tag"
              >
                <span>
                  Cost:   
                </span>
                <span
                  class="price"
                >
                  7
                </span>
                <span>
                    teeth
                </span>
              </div>
              <div
                class="in-stock"
              >
                In Stock
              </div>
              <div>
                <label
                  for="Strange Larva"
                >
                  Qty:  
                </label>
                <input
                  id="Strange Larva"
                  min="0"
                  type="number"
                  value="1"
                />
              </div>
              <button
                type="submit"
              >
                Add to cart
              </button>
            </div>
          </div>
          <div
            class="card"
          >
            <img
              alt="test"
              src="stunted-wolf.png"
            />
            <div
              class="card-details"
            >
              <div
                class="card-name"
              >
                Stunted Wolf
              </div>
              <div>
                Take the film roll. Before he sees it! NOW!
              </div>
              <div
                class="price-tag"
              >
                <span>
                  Cost:   
                </span>
                <span
                  class="price"
                >
                  5
                </span>
                <span>
                    teeth
                </span>
              </div>
              <div
                class="in-stock"
              >
                In Stock
              </div>
              <div>
                <label
                  for="Stunted Wolf"
                >
                  Qty:  
                </label>
                <input
                  id="Stunted Wolf"
                  min="0"
                  type="number"
                  value="1"
                />
              </div>
              <button
                type="submit"
              >
                Add to cart
              </button>
            </div>
          </div>
          <div
            class="card"
          >
            <img
              alt="test"
              src="the-daus.png"
            />
            <div
              class="card-details"
            >
              <div
                class="card-name"
              >
                The Daus
              </div>
              <div>
                That filthy feral hog... it becomes incensed when its chimes are struck.
              </div>
              <div
                class="price-tag"
              >
                <span>
                  Cost:   
                </span>
                <span
                  class="price"
                >
                  3
                </span>
                <span>
                    teeth
                </span>
              </div>
              <div
                class="in-stock"
              >
                In Stock
              </div>
              <div>
                <label
                  for="The Daus"
                >
                  Qty:  
                </label>
                <input
                  id="The Daus"
                  min="0"
                  type="number"
                  value="1"
                />
              </div>
              <button
                type="submit"
              >
                Add to cart
              </button>
            </div>
          </div>
          <div
            class="card"
          >
            <img
              alt="test"
              src="turkey-vulture.png"
            />
            <div
              class="card-details"
            >
              <div
                class="card-name"
              >
                Turkey Vulture
              </div>
              <div>
                The pernicious Vulture. A tyrant of the skies.
              </div>
              <div
                class="price-tag"
              >
                <span>
                  Cost:   
                </span>
                <span
                  class="price"
                >
                  4
                </span>
                <span>
                    teeth
                </span>
              </div>
              <div
                class="in-stock"
              >
                In Stock
              </div>
              <div>
                <label
                  for="Turkey Vulture"
                >
                  Qty:  
                </label>
                <input
                  id="Turkey Vulture"
                  min="0"
                  type="number"
                  value="1"
                />
              </div>
              <button
                type="submit"
              >
                Add to cart
              </button>
            </div>
          </div>
          <div
            class="card"
          >
            <img
              alt="test"
              src="urayuli.png"
            />
            <div
              class="card-details"
            >
              <div
                class="card-name"
              >
                Urayuli
              </div>
              <div>
                The level of brutish strength needs no explanation.
              </div>
              <div
                class="price-tag"
              >
                <span>
                  Cost:   
                </span>
                <span
                  class="price"
                >
                  5
                </span>
                <span>
                    teeth
                </span>
              </div>
              <div
                class="in-stock"
              >
                In Stock
              </div>
              <div>
                <label
                  for="Urayuli"
                >
                  Qty:  
                </label>
                <input
                  id="Urayuli"
                  min="0"
                  type="number"
                  value="1"
                />
              </div>
              <button
                type="submit"
              >
                Add to cart
              </button>
            </div>
          </div>
          <div
            class="card"
          >
            <img
              alt="test"
              src="warren.png"
            />
            <div
              class="card-details"
            >
              <div
                class="card-name"
              >
                Warren
              </div>
              <div>
                The bountiful Warren. It spawns a rabbit when it is placed.
              </div>
              <div
                class="price-tag"
              >
                <span>
                  Cost:   
                </span>
                <span
                  class="price"
                >
                  3
                </span>
                <span>
                    teeth
                </span>
              </div>
              <div
                class="in-stock"
              >
                In Stock
              </div>
              <div>
                <label
                  for="Warren"
                >
                  Qty:  
                </label>
                <input
                  id="Warren"
                  min="0"
                  type="number"
                  value="1"
                />
              </div>
              <button
                type="submit"
              >
                Add to cart
              </button>
            </div>
          </div>
          <div
            class="card"
          >
            <img
              alt="test"
              src="wolf.png"
            />
            <div
              class="card-details"
            >
              <div
                class="card-name"
              >
                Wolf
              </div>
              <div>
                The proud Wolf. A vicious contender.
              </div>
              <div
                class="price-tag"
              >
                <span>
                  Cost:   
                </span>
                <span
                  class="price"
                >
                  4
                </span>
                <span>
                    teeth
                </span>
              </div>
              <div
                class="in-stock"
              >
                In Stock
              </div>
              <div>
                <label
                  for="Wolf"
                >
                  Qty:  
                </label>
                <input
                  id="Wolf"
                  min="0"
                  type="number"
                  value="1"
                />
              </div>
              <button
                type="submit"
              >
                Add to cart
              </button>
            </div>
          </div>
          <div
            class="card"
          >
            <img
              alt="test"
              src="wolf-cub.png"
            />
            <div
              class="card-details"
            >
              <div
                class="card-name"
              >
                Wolf Cub
              </div>
              <div>
                The young Wolf Cub. It grows into a Wolf after a single turn.
              </div>
              <div
                class="price-tag"
              >
                <span>
                  Cost:   
                </span>
                <span
                  class="price"
                >
                  5
                </span>
                <span>
                    teeth
                </span>
              </div>
              <div
                class="in-stock"
              >
                In Stock
              </div>
              <div>
                <label
                  for="Wolf Cub"
                >
                  Qty:  
                </label>
                <input
                  id="Wolf Cub"
                  min="0"
                  type="number"
                  value="1"
                />
              </div>
              <button
                type="submit"
              >
                Add to cart
              </button>
            </div>
          </div>
          <div
            class="card"
          >
            <img
              alt="test"
              src="worker-ant.png"
            />
            <div
              class="card-details"
            >
              <div
                class="card-name"
              >
                Worker Ant
              </div>
              <div>
                Ah, the diligent Ant. Its strength is proportionate to the size of its colony
              </div>
              <div
                class="price-tag"
              >
                <span>
                  Cost:   
                </span>
                <span
                  class="price"
                >
                  2
                </span>
                <span>
                    teeth
                </span>
              </div>
              <div
                class="in-stock"
              >
                In Stock
              </div>
              <div>
                <label
                  for="Worker Ant"
                >
                  Qty:  
                </label>
                <input
                  id="Worker Ant"
                  min="0"
                  type="number"
                  value="1"
                />
              </div>
              <button
                type="submit"
              >
                Add to cart
              </button>
            </div>
          </div>
        </div>
      </div>
    </div>
  </div>
</div>
`;
